// Jest Snapshot v1, https://goo.gl/fbAQLP

exports[`AddExpenseComponent should redirect to home page if user not logged in 1`] = `
<Redirect
  to="/"
/>
`;

exports[`AddExpenseComponent should render AddExpensePage correctly 1`] = `
<div>
  <Header />
  <div
    className="page-header"
  >
    <div
      className="content-container"
    >
      <h1
        className="page-header__title"
      >
        Add an Expense
      </h1>
    </div>
  </div>
  <div
    className="content-container"
  >
    <ExpenseForm
      onSubmit={[Function]}
    />
  </div>
</div>
`;
