// Jest Snapshot v1, https://goo.gl/fbAQLP

exports[`EditExpensePage should redirect to home page if user not logged in 1`] = `
<Redirect
  to="/"
/>
`;

exports[`EditExpensePage should render the EditExpensePage correctly when user logged in 1`] = `
<div>
  <Header />
  <div
    className="page-header"
  >
    <div
      className="content-container"
    >
      <h1
        className="page-header__title"
      >
        Edit Expense
      </h1>
    </div>
  </div>
  <div
    className="content-container"
  >
    <ExpenseForm
      onSubmit={[Function]}
    />
    <button
      className="button button--secondary"
      onClick={[Function]}
    >
      Remove Expense
    </button>
  </div>
</div>
`;
